Session: pantheon_20251114_014129
Task: apply test proposals
Started: 2025-11-14T01:41:29.461808
Swarm Mode: True
--------------------------------------------------------------------------------

[01:41:29.462] [AGENT START] observer
[01:41:29.462] [AGENT START] coordinator_learner
[01:41:30.666] [AGENT START] reasoner
[01:41:30.667] [AGENT START] actor
[01:41:30.667] [AGENT START] validator
[01:41:30.680] [AGENT START] hierarchical_memory
[01:41:30.680] [AGENT START] learner
[01:41:30.680] [AGENT START] learner
[01:41:30.680] [AGENT START] executor
[01:41:30.680] [AGENT START] analyzer
[01:41:30.685] [AGENT START] improver
[01:41:30.686] [AGENT START] character_analyzer
[01:41:30.686] [AGENT START] story_generator
[01:41:30.687] [AGENT START] visionary
[01:41:30.687] [AGENT START] love_agent
[01:41:30.696] [AGENT START] pantheon_coordinator
[01:41:30.696] [AGENT ACTIVITY] observer -> idle
[01:41:30.697] [AGENT START] observer
[01:41:30.697] [AGENT START] coordinator
[01:41:30.697] [AGENT START] actor
[01:41:30.697] [AGENT ACTIVITY] validator -> idle
[01:41:30.698] [AGENT START] validator
[01:41:30.698] [AGENT ACTIVITY] learner -> idle
[01:41:30.698] [AGENT START] learner
[01:41:30.698] [AGENT ACTIVITY] executor -> idle
[01:41:30.698] [AGENT START] executor
[01:41:30.698] [AGENT ACTIVITY] analyzer -> idle
[01:41:30.699] [AGENT START] analyzer
[01:41:30.699] [AGENT ACTIVITY] improver -> idle
[01:41:30.700] [AGENT START] improver
[01:41:30.700] [AGENT ACTIVITY] visionary -> idle
[01:41:30.700] [AGENT START] visionary
[01:41:30.700] [AGENT ACTIVITY] love_agent -> idle
[01:41:30.700] [AGENT START] love_agent
[01:41:30.700] [AGENT ACTIVITY] pantheon_coordinator -> idle
[01:41:30.701] [AGENT START] pantheon_coordinator
[01:42:00.698] [AGENT ACTIVITY] observer -> waiting
[01:42:00.698] [AGENT WAIT] observer
[01:42:00.699] [AGENT ACTIVITY] validator -> waiting
[01:42:00.699] [AGENT WAIT] validator
[01:42:00.699] [AGENT ACTIVITY] executor -> waiting
[01:42:00.699] [AGENT WAIT] executor
[01:42:00.713] [AGENT ACTIVITY] analyzer -> waiting
[01:42:00.713] [AGENT WAIT] analyzer
[01:42:00.714] [AGENT ACTIVITY] improver -> waiting
[01:42:00.714] [AGENT WAIT] improver
[01:42:00.714] [AGENT ACTIVITY] visionary -> waiting
[01:42:00.714] [AGENT WAIT] visionary
[01:42:00.714] [AGENT ACTIVITY] love_agent -> waiting
[01:42:00.715] [AGENT WAIT] love_agent
