Session: pantheon_20251114_020547
Task: Review git status and decide which files should be committed. Focus on code changes, documentation updates, and new features. Ignore pyc files, logs, and temporary files.
Started: 2025-11-14T02:05:47.841896
Swarm Mode: True
--------------------------------------------------------------------------------

[02:05:47.842] [AGENT START] observer
[02:05:47.842] [AGENT START] observer
[02:05:47.843] [AGENT START] coordinator_learner
[02:05:47.845] [AGENT START] coordinator
[02:05:47.845] [AGENT START] reasoner
[02:05:47.846] [AGENT START] actor
[02:05:47.846] [AGENT START] actor
[02:05:47.847] [AGENT START] validator
[02:05:47.847] [AGENT START] validator
[02:05:47.853] [AGENT START] hierarchical_memory
[02:05:47.853] [AGENT START] learner
[02:05:47.853] [AGENT START] learner
[02:05:47.854] [AGENT START] executor
[02:05:47.854] [AGENT START] analyzer
[02:05:47.858] [AGENT START] improver
[02:05:47.858] [AGENT START] character_analyzer
[02:05:47.858] [AGENT START] story_generator
[02:05:47.859] [AGENT START] visionary
[02:05:47.859] [AGENT START] love_agent
[02:05:47.887] [AGENT START] pantheon_coordinator
[02:05:47.888] [AGENT START] pantheon_coordinator
[02:05:47.888] [AGENT START] observer
[02:05:47.997] [AGENT START] coordinator
[02:05:48.105] [AGENT START] actor
[02:05:48.214] [AGENT START] validator
[02:05:48.321] [AGENT START] pantheon_coordinator
[02:05:48.322] [AGENT START] pantheon_coordinator
[02:05:48.432] [AGENT START] pantheon_coordinator
[02:05:48.432] [AGENT START] pantheon_coordinator
[02:05:49.437] [AGENT ACTIVITY] pantheon_coordinator -> Pantheon handling task: Review git status and decide which files should be committed. Focus on code changes, documentation updates, and new features. Ignore pyc files, logs, and temporary files.
[02:05:49.437] [AGENT ACTIVITY] learner -> processing
[02:05:49.438] [AGENT ACTIVITY] learner -> idle
[02:05:49.438] [AGENT ERROR] pantheon_coordinator: 'Message' object has no attribute 'get'
[02:06:17.895] [AGENT WAIT] observer
[02:06:18.218] [AGENT WAIT] validator
[02:06:18.435] [AGENT WAIT] pantheon_coordinator
[02:06:19.444] [AGENT WAIT] pantheon_coordinator
