Session: pantheon_20251114_010136
Task: Learn from the insights in vault/tehutishh.md and integrate them into the agent behaviors
Started: 2025-11-14T01:01:36.265196
Swarm Mode: True
--------------------------------------------------------------------------------

[01:01:36.265] [AGENT START] observer
[01:01:36.266] [AGENT START] coordinator_learner
[01:01:37.143] [AGENT START] reasoner
[01:01:37.143] [AGENT START] actor
[01:01:37.144] [AGENT START] validator
[01:01:37.155] [AGENT START] hierarchical_memory
[01:01:37.155] [AGENT START] learner
[01:01:37.155] [AGENT START] learner
[01:01:37.155] [AGENT START] executor
[01:01:37.156] [AGENT START] analyzer
[01:01:37.160] [AGENT START] improver
[01:01:37.160] [AGENT START] character_analyzer
[01:01:37.161] [AGENT START] story_generator
[01:01:37.161] [AGENT START] visionary
[01:01:37.161] [AGENT START] love_agent
[01:01:37.178] [AGENT START] pantheon_coordinator
[01:01:37.179] [AGENT ACTIVITY] observer -> idle
[01:01:37.179] [AGENT START] observer
[01:01:37.179] [AGENT START] coordinator
[01:01:37.179] [AGENT START] actor
[01:01:37.180] [AGENT ACTIVITY] validator -> idle
[01:01:37.180] [AGENT START] validator
[01:01:37.180] [AGENT ACTIVITY] learner -> idle
[01:01:37.180] [AGENT START] learner
[01:01:37.180] [AGENT ACTIVITY] executor -> idle
[01:01:37.180] [AGENT START] executor
[01:01:37.181] [AGENT ACTIVITY] analyzer -> idle
[01:01:37.181] [AGENT START] analyzer
[01:01:37.182] [AGENT ACTIVITY] improver -> idle
[01:01:37.182] [AGENT START] improver
[01:01:37.182] [AGENT ACTIVITY] visionary -> idle
[01:01:37.182] [AGENT START] visionary
[01:01:37.183] [AGENT ACTIVITY] love_agent -> idle
[01:01:37.183] [AGENT START] love_agent
[01:01:37.183] [AGENT ACTIVITY] pantheon_coordinator -> idle
[01:01:37.183] [AGENT START] pantheon_coordinator
[01:02:07.186] [AGENT ACTIVITY] observer -> waiting
[01:02:07.187] [AGENT WAIT] observer
[01:02:07.187] [AGENT ACTIVITY] validator -> waiting
[01:02:07.187] [AGENT WAIT] validator
[01:02:07.188] [AGENT ACTIVITY] executor -> waiting
[01:02:07.188] [AGENT WAIT] executor
[01:02:07.188] [AGENT ACTIVITY] analyzer -> waiting
[01:02:07.188] [AGENT WAIT] analyzer
[01:02:07.189] [AGENT ACTIVITY] improver -> waiting
[01:02:07.189] [AGENT WAIT] improver
[01:02:07.189] [AGENT ACTIVITY] visionary -> waiting
[01:02:07.189] [AGENT WAIT] visionary
[01:02:07.189] [AGENT ACTIVITY] love_agent -> waiting
[01:02:07.189] [AGENT WAIT] love_agent
