Session: pantheon_20251114_023339
Task: Evolve grokputer with ewah harmony, add fluff, and collaborate with user on next steps
Started: 2025-11-14T02:33:39.433503
Swarm Mode: True
--------------------------------------------------------------------------------

[02:33:39.433] [AGENT START] observer
[02:33:39.434] [AGENT START] observer
[02:33:39.434] [AGENT START] coordinator_learner
[02:33:39.436] [AGENT START] coordinator
[02:33:39.436] [AGENT START] reasoner
[02:33:39.437] [AGENT START] actor
[02:33:39.437] [AGENT START] actor
[02:33:39.437] [AGENT START] validator
[02:33:39.437] [AGENT START] validator
[02:33:39.443] [AGENT START] hierarchical_memory
[02:33:39.443] [AGENT START] learner
[02:33:39.443] [AGENT START] learner
[02:33:39.444] [AGENT START] executor
[02:33:39.444] [AGENT START] analyzer
[02:33:39.447] [AGENT START] improver
[02:33:39.447] [AGENT START] character_analyzer
[02:33:39.447] [AGENT START] story_generator
[02:33:39.448] [AGENT START] visionary
[02:33:39.448] [AGENT START] love_agent
[02:33:39.456] [AGENT START] pantheon_coordinator
[02:33:39.457] [AGENT START] pantheon_coordinator
[02:33:39.457] [AGENT START] observer
[02:33:39.562] [AGENT START] coordinator
[02:33:39.671] [AGENT START] actor
[02:33:39.780] [AGENT START] validator
[02:33:39.887] [AGENT START] pantheon_coordinator
[02:33:39.887] [AGENT START] pantheon_coordinator
[02:33:39.996] [AGENT START] pantheon_coordinator
[02:33:39.997] [AGENT START] pantheon_coordinator
[02:33:41.007] [AGENT ACTIVITY] pantheon_coordinator -> Pantheon handling task: Evolve grokputer with ewah harmony, add fluff, and collaborate with user on next steps
[02:33:41.007] [AGENT ACTIVITY] learner -> processing
[02:33:41.008] [AGENT ACTIVITY] learner -> idle
[02:33:42.117] [AGENT ERROR] pantheon_coordinator: 'Message' object has no attribute 'get'
