Session: pantheon_20251114_030737
Task: improve code in src/grok_client.py
Started: 2025-11-14T03:07:37.904626
Swarm Mode: True
--------------------------------------------------------------------------------

[03:07:37.904] [AGENT START] observer
[03:07:37.905] [AGENT START] observer
[03:07:37.905] [AGENT START] coordinator_learner
[03:07:37.911] [AGENT START] coordinator
[03:07:37.911] [AGENT START] reasoner
[03:07:37.912] [AGENT START] actor
[03:07:37.912] [AGENT START] actor
[03:07:37.912] [AGENT START] validator
[03:07:37.912] [AGENT START] validator
[03:07:37.974] [AGENT START] hierarchical_memory
[03:07:37.975] [AGENT START] learner
[03:07:37.976] [AGENT START] learner
[03:07:37.976] [AGENT START] executor
[03:07:37.977] [AGENT START] analyzer
[03:07:37.983] [AGENT START] improver
[03:07:37.984] [AGENT START] character_analyzer
[03:07:37.984] [AGENT START] story_generator
[03:07:37.985] [AGENT START] visionary
[03:07:37.985] [AGENT START] love_agent
