Session: pantheon_20251113_225147
Task: have improver_agent learn from vault/tehutishh.md and output findings to tree_of_life.md when finished
Started: 2025-11-13T22:51:47.351731
Swarm Mode: True
--------------------------------------------------------------------------------

[22:51:47.351] [AGENT START] observer
[22:51:47.352] [AGENT START] coordinator_learner
[22:51:48.131] [AGENT START] reasoner
[22:51:48.132] [AGENT START] actor
[22:51:48.132] [AGENT START] validator
[22:51:48.142] [AGENT START] hierarchical_memory
[22:51:48.142] [AGENT START] learner
[22:51:48.142] [AGENT START] learner
[22:51:48.143] [AGENT START] executor
[22:51:48.143] [AGENT START] analyzer
[22:51:48.146] [AGENT START] improver
[22:51:48.147] [AGENT START] character_analyzer
[22:51:48.147] [AGENT START] story_generator
[22:51:48.147] [AGENT START] visionary
[22:51:48.148] [AGENT START] love_agent
[22:51:48.156] [AGENT START] pantheon_coordinator
[22:51:48.157] [AGENT ACTIVITY] observer -> idle
[22:51:48.157] [AGENT START] observer
[22:51:48.157] [AGENT START] coordinator
[22:51:48.157] [AGENT START] actor
[22:51:48.158] [AGENT ACTIVITY] validator -> idle
[22:51:48.158] [AGENT START] validator
[22:51:48.158] [AGENT ACTIVITY] learner -> idle
[22:51:48.158] [AGENT START] learner
[22:51:48.158] [AGENT ACTIVITY] executor -> idle
[22:51:48.158] [AGENT START] executor
[22:51:48.159] [AGENT ACTIVITY] analyzer -> idle
[22:51:48.159] [AGENT START] analyzer
[22:51:48.159] [AGENT ACTIVITY] improver -> idle
[22:51:48.160] [AGENT START] improver
[22:51:48.160] [AGENT ACTIVITY] visionary -> idle
[22:51:48.160] [AGENT START] visionary
[22:51:48.160] [AGENT ACTIVITY] love_agent -> idle
[22:51:48.160] [AGENT START] love_agent
[22:51:48.161] [AGENT ACTIVITY] pantheon_coordinator -> idle
[22:51:48.161] [AGENT START] pantheon_coordinator
[22:52:18.160] [AGENT ACTIVITY] observer -> waiting
[22:52:18.160] [AGENT WAIT] observer
[22:52:18.161] [AGENT ACTIVITY] validator -> waiting
[22:52:18.161] [AGENT WAIT] validator
[22:52:18.161] [AGENT ACTIVITY] executor -> waiting
[22:52:18.161] [AGENT WAIT] executor
[22:52:18.162] [AGENT ACTIVITY] analyzer -> waiting
[22:52:18.162] [AGENT WAIT] analyzer
[22:52:18.162] [AGENT ACTIVITY] improver -> waiting
[22:52:18.162] [AGENT WAIT] improver
[22:52:18.163] [AGENT ACTIVITY] visionary -> waiting
[22:52:18.163] [AGENT WAIT] visionary
[22:52:18.163] [AGENT ACTIVITY] love_agent -> waiting
[22:52:18.163] [AGENT WAIT] love_agent
