Session: pantheon_20251113_223323
Task: quick test
Started: 2025-11-13T22:33:23.954251
Swarm Mode: True
--------------------------------------------------------------------------------

[22:33:23.954] [AGENT START] observer
[22:33:23.955] [AGENT START] coordinator_learner
[22:33:24.775] [AGENT START] reasoner
[22:33:24.776] [AGENT START] actor
[22:33:24.776] [AGENT START] validator
[22:33:24.783] [AGENT START] hierarchical_memory
[22:33:24.784] [AGENT START] learner
[22:33:24.784] [AGENT START] learner
[22:33:24.784] [AGENT START] executor
[22:33:24.784] [AGENT START] analyzer
[22:33:24.787] [AGENT START] improver
[22:33:24.788] [AGENT START] character_analyzer
[22:33:24.788] [AGENT START] story_generator
[22:33:24.789] [AGENT START] visionary
[22:33:24.789] [AGENT START] love_agent
[22:33:24.800] [AGENT START] pantheon_coordinator
[22:33:24.801] [AGENT ACTIVITY] observer -> idle
[22:33:24.801] [AGENT START] observer
[22:33:24.802] [AGENT START] coordinator
[22:33:24.802] [AGENT START] actor
[22:33:24.802] [AGENT ACTIVITY] validator -> idle
[22:33:24.802] [AGENT START] validator
[22:33:24.803] [AGENT ACTIVITY] learner -> idle
[22:33:24.803] [AGENT START] learner
[22:33:24.803] [AGENT ACTIVITY] executor -> idle
[22:33:24.803] [AGENT START] executor
[22:33:24.803] [AGENT ACTIVITY] analyzer -> idle
[22:33:24.803] [AGENT START] analyzer
[22:33:24.804] [AGENT ACTIVITY] improver -> idle
[22:33:24.804] [AGENT START] improver
[22:33:24.805] [AGENT ACTIVITY] visionary -> idle
[22:33:24.805] [AGENT START] visionary
[22:33:24.805] [AGENT ACTIVITY] love_agent -> idle
[22:33:24.805] [AGENT START] love_agent
[22:33:24.805] [AGENT ACTIVITY] pantheon_coordinator -> idle
[22:33:24.806] [AGENT START] pantheon_coordinator
[22:33:54.816] [AGENT ACTIVITY] observer -> waiting
[22:33:54.817] [AGENT WAIT] observer
[22:33:54.817] [AGENT ACTIVITY] validator -> waiting
[22:33:54.817] [AGENT WAIT] validator
[22:33:54.818] [AGENT ACTIVITY] executor -> waiting
[22:33:54.818] [AGENT WAIT] executor
[22:33:54.818] [AGENT ACTIVITY] analyzer -> waiting
[22:33:54.818] [AGENT WAIT] analyzer
[22:33:54.819] [AGENT ACTIVITY] improver -> waiting
[22:33:54.819] [AGENT WAIT] improver
[22:33:54.819] [AGENT ACTIVITY] visionary -> waiting
[22:33:54.819] [AGENT WAIT] visionary
[22:33:54.819] [AGENT ACTIVITY] love_agent -> waiting
[22:33:54.820] [AGENT WAIT] love_agent
