Session: pantheon_20251113_225334
Task: have improver_agent learn from vault/tehutishh.md and output findings to tree_of_life.md when finished
Started: 2025-11-13T22:53:34.085320
Swarm Mode: True
--------------------------------------------------------------------------------

[22:53:34.085] [AGENT START] observer
[22:53:34.086] [AGENT START] coordinator_learner
[22:53:34.885] [AGENT START] reasoner
[22:53:34.886] [AGENT START] actor
[22:53:34.886] [AGENT START] validator
[22:53:34.896] [AGENT START] hierarchical_memory
[22:53:34.897] [AGENT START] learner
[22:53:34.897] [AGENT START] learner
[22:53:34.897] [AGENT START] executor
[22:53:34.897] [AGENT START] analyzer
[22:53:34.900] [AGENT START] improver
[22:53:34.901] [AGENT START] character_analyzer
[22:53:34.901] [AGENT START] story_generator
[22:53:34.901] [AGENT START] visionary
[22:53:34.902] [AGENT START] love_agent
[22:53:34.913] [AGENT START] pantheon_coordinator
[22:53:34.913] [AGENT ACTIVITY] observer -> idle
[22:53:34.913] [AGENT START] observer
[22:53:34.914] [AGENT START] coordinator
[22:53:34.914] [AGENT START] actor
[22:53:34.914] [AGENT ACTIVITY] validator -> idle
[22:53:34.915] [AGENT START] validator
[22:53:34.915] [AGENT ACTIVITY] learner -> idle
[22:53:34.915] [AGENT START] learner
[22:53:34.915] [AGENT ACTIVITY] executor -> idle
[22:53:34.915] [AGENT START] executor
[22:53:34.916] [AGENT ACTIVITY] analyzer -> idle
[22:53:34.916] [AGENT START] analyzer
[22:53:34.916] [AGENT ACTIVITY] improver -> idle
[22:53:34.917] [AGENT START] improver
[22:53:34.917] [AGENT ACTIVITY] visionary -> idle
[22:53:34.917] [AGENT START] visionary
[22:53:34.917] [AGENT ACTIVITY] love_agent -> idle
[22:53:34.917] [AGENT START] love_agent
[22:53:34.918] [AGENT ACTIVITY] pantheon_coordinator -> idle
[22:53:34.918] [AGENT START] pantheon_coordinator
[22:54:04.922] [AGENT ACTIVITY] observer -> waiting
[22:54:04.922] [AGENT WAIT] observer
[22:54:04.923] [AGENT ACTIVITY] validator -> waiting
[22:54:04.923] [AGENT WAIT] validator
[22:54:04.923] [AGENT ACTIVITY] executor -> waiting
[22:54:04.923] [AGENT WAIT] executor
[22:54:04.923] [AGENT ACTIVITY] analyzer -> waiting
[22:54:04.924] [AGENT WAIT] analyzer
[22:54:04.924] [AGENT ACTIVITY] improver -> waiting
[22:54:04.924] [AGENT WAIT] improver
[22:54:04.924] [AGENT ACTIVITY] visionary -> waiting
[22:54:04.924] [AGENT WAIT] visionary
[22:54:04.925] [AGENT ACTIVITY] love_agent -> waiting
[22:54:04.925] [AGENT WAIT] love_agent
