Session: pantheon_20251114_015203
Task: Explain what ';0;rgb:0000/0000/0000scale optimizie wewelovoe <33' means
Started: 2025-11-14T01:52:03.670715
Swarm Mode: True
--------------------------------------------------------------------------------

[01:52:03.671] [AGENT START] observer
[01:52:03.671] [AGENT START] observer
[01:52:03.672] [AGENT START] coordinator_learner
[01:52:03.674] [AGENT START] coordinator
[01:52:03.674] [AGENT START] reasoner
[01:52:03.675] [AGENT START] actor
[01:52:03.675] [AGENT START] actor
[01:52:03.675] [AGENT START] validator
[01:52:03.675] [AGENT START] validator
[01:52:03.685] [AGENT START] hierarchical_memory
[01:52:03.685] [AGENT START] learner
[01:52:03.685] [AGENT START] learner
[01:52:03.686] [AGENT START] executor
[01:52:03.686] [AGENT START] analyzer
[01:52:03.691] [AGENT START] improver
[01:52:03.691] [AGENT START] character_analyzer
[01:52:03.691] [AGENT START] story_generator
[01:52:03.692] [AGENT START] visionary
[01:52:03.692] [AGENT START] love_agent
[01:52:03.719] [AGENT START] pantheon_coordinator
[01:52:03.720] [AGENT START] pantheon_coordinator
[01:52:03.720] [AGENT START] observer
[01:52:03.758] [AGENT START] validator
[01:52:03.834] [AGENT START] coordinator
[01:52:03.864] [AGENT START] pantheon_coordinator
[01:52:03.941] [AGENT START] actor
[01:52:03.972] [AGENT START] pantheon_coordinator
[01:52:04.050] [AGENT START] validator
[01:52:04.156] [AGENT START] pantheon_coordinator
[01:52:04.266] [AGENT START] pantheon_coordinator
[01:52:08.880] [AGENT START] pantheon_coordinator
[01:52:09.157] [AGENT START] pantheon_coordinator
[01:52:13.896] [AGENT START] pantheon_coordinator
[01:52:14.162] [AGENT START] pantheon_coordinator
[01:52:18.908] [AGENT START] pantheon_coordinator
[01:52:19.173] [AGENT START] pantheon_coordinator
[01:52:33.446] [AGENT WAIT] observer
[01:52:33.726] [AGENT WAIT] observer
[01:52:33.772] [AGENT WAIT] validator
[01:52:34.066] [AGENT WAIT] validator
