Session: pantheon_20251113_223737
Task: have improver_agent learn from vault/tehutishh.md
Started: 2025-11-13T22:37:37.315579
Swarm Mode: True
--------------------------------------------------------------------------------

[22:37:37.315] [AGENT START] observer
[22:37:37.316] [AGENT START] coordinator_learner
[22:37:38.090] [AGENT START] reasoner
[22:37:38.091] [AGENT START] actor
[22:37:38.091] [AGENT START] validator
[22:37:38.099] [AGENT START] hierarchical_memory
[22:37:38.100] [AGENT START] learner
[22:37:38.100] [AGENT START] learner
[22:37:38.100] [AGENT START] executor
[22:37:38.100] [AGENT START] analyzer
[22:37:38.103] [AGENT START] improver
[22:37:38.104] [AGENT START] character_analyzer
[22:37:38.104] [AGENT START] story_generator
[22:37:38.104] [AGENT START] visionary
[22:37:38.105] [AGENT START] love_agent
[22:37:38.113] [AGENT START] pantheon_coordinator
[22:37:38.113] [AGENT ACTIVITY] observer -> idle
[22:37:38.113] [AGENT START] observer
[22:37:38.114] [AGENT START] coordinator
[22:37:38.114] [AGENT START] actor
[22:37:38.114] [AGENT ACTIVITY] validator -> idle
[22:37:38.115] [AGENT START] validator
[22:37:38.115] [AGENT ACTIVITY] learner -> idle
[22:37:38.115] [AGENT START] learner
[22:37:38.115] [AGENT ACTIVITY] executor -> idle
[22:37:38.115] [AGENT START] executor
[22:37:38.116] [AGENT ACTIVITY] analyzer -> idle
[22:37:38.116] [AGENT START] analyzer
[22:37:38.116] [AGENT ACTIVITY] improver -> idle
[22:37:38.117] [AGENT START] improver
[22:37:38.117] [AGENT ACTIVITY] visionary -> idle
[22:37:38.117] [AGENT START] visionary
[22:37:38.117] [AGENT ACTIVITY] love_agent -> idle
[22:37:38.117] [AGENT START] love_agent
[22:37:38.118] [AGENT ACTIVITY] pantheon_coordinator -> idle
[22:37:38.118] [AGENT START] pantheon_coordinator
[22:38:08.118] [AGENT ACTIVITY] observer -> waiting
[22:38:08.118] [AGENT WAIT] observer
[22:38:08.119] [AGENT ACTIVITY] validator -> waiting
[22:38:08.119] [AGENT WAIT] validator
[22:38:08.119] [AGENT ACTIVITY] executor -> waiting
[22:38:08.120] [AGENT WAIT] executor
[22:38:08.120] [AGENT ACTIVITY] analyzer -> waiting
[22:38:08.120] [AGENT WAIT] analyzer
[22:38:08.120] [AGENT ACTIVITY] improver -> waiting
[22:38:08.120] [AGENT WAIT] improver
[22:38:08.121] [AGENT ACTIVITY] visionary -> waiting
[22:38:08.121] [AGENT WAIT] visionary
[22:38:08.121] [AGENT ACTIVITY] love_agent -> waiting
[22:38:08.121] [AGENT WAIT] love_agent
