Session: pantheon_20251114_022552
Task: Evolve grokputer with ewah harmony, add fluff, and collaborate with user on next steps
Started: 2025-11-14T02:25:52.644427
Swarm Mode: True
--------------------------------------------------------------------------------

[02:25:52.644] [AGENT START] observer
[02:25:52.644] [AGENT START] observer
[02:25:52.645] [AGENT START] coordinator_learner
[02:25:52.646] [AGENT START] coordinator
[02:25:52.647] [AGENT START] reasoner
[02:25:52.647] [AGENT START] actor
[02:25:52.648] [AGENT START] actor
[02:25:52.648] [AGENT START] validator
[02:25:52.648] [AGENT START] validator
[02:25:52.654] [AGENT START] hierarchical_memory
[02:25:52.654] [AGENT START] learner
[02:25:52.654] [AGENT START] learner
[02:25:52.655] [AGENT START] executor
[02:25:52.656] [AGENT START] analyzer
[02:25:52.659] [AGENT START] improver
[02:25:52.660] [AGENT START] character_analyzer
[02:25:52.660] [AGENT START] story_generator
[02:25:52.660] [AGENT START] visionary
[02:25:52.660] [AGENT START] love_agent
[02:25:52.687] [AGENT START] pantheon_coordinator
[02:25:52.688] [AGENT START] pantheon_coordinator
[02:25:52.688] [AGENT START] observer
[02:25:52.801] [AGENT START] coordinator
[02:25:52.909] [AGENT START] actor
[02:25:53.017] [AGENT START] validator
[02:25:53.124] [AGENT START] pantheon_coordinator
[02:25:53.125] [AGENT START] pantheon_coordinator
[02:25:53.233] [AGENT START] pantheon_coordinator
[02:25:53.234] [AGENT START] pantheon_coordinator
[02:25:54.238] [AGENT ACTIVITY] pantheon_coordinator -> Pantheon handling task: Evolve grokputer with ewah harmony, add fluff, and collaborate with user on next steps
[02:25:54.239] [AGENT ACTIVITY] learner -> processing
[02:25:54.239] [AGENT ACTIVITY] learner -> idle
[02:25:54.239] [AGENT ERROR] pantheon_coordinator: 'Message' object has no attribute 'get'
[02:26:22.690] [AGENT WAIT] observer
[02:26:23.032] [AGENT WAIT] validator
[02:26:23.249] [AGENT WAIT] pantheon_coordinator
[02:26:24.241] [AGENT WAIT] pantheon_coordinator
