Session: pantheon_20251114_014714
Task: Analyze the contents of token_haze.txt and talk_messagebus.py files. Based on their contents, consult with the council to determine what actions should be taken next for the project.
Started: 2025-11-14T01:47:14.160233
Swarm Mode: True
--------------------------------------------------------------------------------

[01:47:14.160] [AGENT START] observer
[01:47:14.160] [AGENT START] observer
[01:47:14.160] [AGENT START] coordinator_learner
[01:47:14.161] [AGENT START] coordinator_learner
[01:47:14.165] [AGENT START] reasoner
[01:47:14.166] [AGENT START] actor
r
[01:47:14.168] [AGENT START] validator
[01:47:14.169] [AGENT START] actor
[01:47:14.169] [AGENT START] validator
[01:47:14.177] [AGENT START] hierarchical_memory
[01:47:14.177] [AGENT START] learner
[01:47:14.177] [AGENT START] hierarchical_memory
[01:47:14.178] [AGENT START] learner
[01:47:14.178] [AGENT START] learner
[01:47:14.178] [AGENT START] learner

[01:47:14.178] [AGENT START] analyzer
[01:47:14.179] [AGENT START] executor
[01:47:14.179] [AGENT START] analyzer
[01:47:14.185] [AGENT START] improver
[01:47:14.185] [AGENT START] character_analyzer
[01:47:14.186] [AGENT START] story_generator
[01:47:14.186] [AGENT START] visionary
[01:47:14.186] [AGENT START] love_agent
[01:47:14.187] [AGENT START] improver
[01:47:14.187] [AGENT START] character_analyzer
[01:47:14.188] [AGENT START] story_generator
[01:47:14.189] [AGENT START] visionary
[01:47:14.189] [AGENT START] love_agent
[01:47:14.196] [AGENT START] pantheon_coordinator
[01:47:14.197] [AGENT ACTIVITY] observer -> idle
[01:47:14.197] [AGENT START] observer
[01:47:14.197] [AGENT START] coordinator
[01:47:14.197] [AGENT START] pantheon_coordinator
[01:47:14.198] [AGENT START] actor
[01:47:14.198] [AGENT ACTIVITY] observer -> idle
[01:47:14.198] [AGENT ACTIVITY] validator -> idle
[01:47:14.198] [AGENT START] validator
[01:47:14.198] [AGENT START] observer
[01:47:14.198] [AGENT ACTIVITY] learner -> idle
[01:47:14.199] [AGENT START] learner
[01:47:14.199] [AGENT START] coordinator
> idle
[01:47:14.199] [AGENT START] executor
[01:47:14.199] [AGENT START] actor
[01:47:14.199] [AGENT ACTIVITY] analyzer -> idle
[01:47:14.200] [AGENT ACTIVITY] validator -> idle
[01:47:14.200] [AGENT START] analyzer
[01:47:14.200] [AGENT START] validator
[01:47:14.200] [AGENT ACTIVITY] learner -> idle
[01:47:14.200] [AGENT START] learner
[01:47:14.201] [AGENT ACTIVITY] executor -> idle
[01:47:14.201] [AGENT START] executor
[01:47:14.201] [AGENT ACTIVITY] analyzer -> idle
[01:47:14.201] [AGENT ACTIVITY] improver -> idle
[01:47:14.201] [AGENT START] analyzer
[01:47:14.201] [AGENT START] improver
[01:47:14.202] [AGENT ACTIVITY] improver -> idle
[01:47:14.203] [AGENT START] improver
[01:47:14.219] [AGENT ACTIVITY] visionary -> idle
[01:47:14.220] [AGENT START] visionary
[01:47:14.220] [AGENT ACTIVITY] love_agent -> idle
[01:47:14.220] [AGENT ACTIVITY] visionary -> idle
[01:47:14.220] [AGENT START] love_agent
[01:47:14.220] [AGENT START] visionary
[01:47:14.220] [AGENT ACTIVITY] pantheon_coordinator -> idle
[01:47:14.221] [AGENT ACTIVITY] love_agent -> idle
[01:47:14.221] [AGENT START] love_agent
[01:47:14.221] [AGENT ACTIVITY] pantheon_coordinator -> idle
[01:47:14.221] [AGENT START] pantheon_coordinator
[01:47:44.200] [AGENT ACTIVITY] observer -> waiting
[01:47:44.201] [AGENT WAIT] observer
[01:47:44.201] [AGENT WAIT] observer
[01:47:44.202] [AGENT ACTIVITY] validator -> waiting
[01:47:44.202] [AGENT ACTIVITY] validator -> waiting
[01:47:44.202] [AGENT WAIT] validator
[01:47:44.202] [AGENT WAIT] validator
[01:47:44.203] [AGENT ACTIVITY] executor -> waiting
[01:47:44.203] [AGENT ACTIVITY] executor -> waiting
[01:47:44.203] [AGENT WAIT] executor
[01:47:44.203] [AGENT WAIT] executor
[01:47:44.204] [AGENT ACTIVITY] analyzer -> waiting
[01:47:44.204] [AGENT ACTIVITY] analyzer -> waiting
[01:47:44.204] [AGENT WAIT] analyzer
[01:47:44.204] [AGENT WAIT] analyzer
[01:47:44.231] [AGENT ACTIVITY] improver -> waiting
[01:47:44.232] [AGENT WAIT] improver
[01:47:44.232] [AGENT ACTIVITY] visionary -> waiting
[01:47:44.232] [AGENT ACTIVITY] visionary -> waiting
[01:47:44.232] [AGENT WAIT] visionary
[01:47:44.232] [AGENT WAIT] visionary
[01:47:44.233] [AGENT ACTIVITY] love_agent -> waiting
[01:47:44.233] [AGENT ACTIVITY] love_agent -> waiting
[01:47:44.233] [AGENT WAIT] love_agent
[01:47:44.233] [AGENT WAIT] love_agent
