Session: pantheon_20251114_043048
Task: ultimately randomize this because reasons
Started: 2025-11-14T04:30:48.051421
Swarm Mode: True
--------------------------------------------------------------------------------

[04:30:48.051] [AGENT START] observer
[04:30:48.051] [AGENT START] observer
[04:30:48.052] [AGENT START] coordinator_learner
[04:30:48.053] [AGENT START] coordinator
[04:30:48.054] [AGENT START] reasoner
[04:30:48.054] [AGENT START] actor
[04:30:48.055] [AGENT START] actor
[04:30:48.055] [AGENT START] validator
[04:30:48.055] [AGENT START] validator
[04:30:52.155] [AGENT START] hierarchical_memory
[04:30:52.155] [AGENT START] learner
[04:30:52.155] [AGENT START] learner
[04:30:52.155] [AGENT START] executor
[04:30:52.159] [AGENT START] analyzer
[04:30:56.240] [AGENT START] improver
[04:30:56.240] [AGENT START] character_analyzer
[04:30:56.240] [AGENT START] story_generator
[04:30:56.241] [AGENT START] visionary
[04:30:56.241] [AGENT START] love_agent
[04:30:56.241] [AGENT START] documentation_agent
[04:30:56.242] [AGENT START] maf_coordinator
[04:30:56.249] [AGENT START] pantheon_coordinator
[04:30:56.250] [AGENT START] pantheon_coordinator
[04:30:56.250] [AGENT START] observer
[04:30:56.359] [AGENT START] coordinator
[04:30:56.469] [AGENT START] actor
[04:30:56.579] [AGENT START] validator
[04:30:56.689] [AGENT START] pantheon_coordinator
[04:30:56.689] [AGENT START] pantheon_coordinator
[04:30:56.798] [AGENT START] pantheon_coordinator
[04:30:56.799] [AGENT START] pantheon_coordinator
[04:30:57.807] [AGENT ACTIVITY] pantheon_coordinator -> Pantheon handling task: ultimately randomize this because reasons
[04:30:57.807] [AGENT ACTIVITY] learner -> processing
[04:30:57.808] [AGENT ACTIVITY] learner -> idle
[04:31:01.470] [AGENT START] actor
[04:31:04.675] [AGENT ERROR] pantheon_coordinator: 'Message' object has no attribute 'get'
[04:31:06.480] [AGENT START] actor
[04:31:11.486] [AGENT START] actor
