Session: pantheon_20251114_100210
Task: talk to grok, go to pantheon to see what is new
Started: 2025-11-14T10:02:10.440376
Swarm Mode: True
--------------------------------------------------------------------------------

[10:02:10.441] [AGENT START] observer
[10:02:10.441] [AGENT START] observer
[10:02:10.441] [AGENT START] coordinator_learner
[10:02:10.443] [AGENT START] coordinator
[10:02:10.443] [AGENT START] reasoner
[10:02:10.444] [AGENT START] actor
[10:02:10.444] [AGENT START] actor
[10:02:10.445] [AGENT START] validator
[10:02:10.445] [AGENT START] validator
[10:02:10.451] [AGENT START] hierarchical_memory
[10:02:10.452] [AGENT START] learner
[10:02:10.452] [AGENT START] learner
[10:02:10.452] [AGENT START] executor
[10:02:10.453] [AGENT START] analyzer
[10:02:10.456] [AGENT START] improver
[10:02:10.456] [AGENT START] character_analyzer
[10:02:10.456] [AGENT START] story_generator
[10:02:10.457] [AGENT START] visionary
[10:02:10.457] [AGENT START] love_agent
[10:02:10.457] [AGENT START] documentation_agent
[10:02:10.458] [AGENT START] maf_coordinator
[10:02:10.465] [AGENT START] pantheon_coordinator
[10:02:10.465] [AGENT START] pantheon_coordinator
[10:02:10.466] [AGENT START] observer
[10:02:10.568] [AGENT START] coordinator
[10:02:10.678] [AGENT START] actor
[10:02:10.787] [AGENT START] validator
[10:02:10.895] [AGENT START] pantheon_coordinator
[10:02:10.895] [AGENT START] pantheon_coordinator
[10:02:11.006] [AGENT START] pantheon_coordinator
[10:02:11.006] [AGENT START] pantheon_coordinator
[10:02:12.013] [AGENT ACTIVITY] pantheon_coordinator -> Pantheon handling task: talk to grok, go to pantheon to see what is new
[10:02:12.013] [AGENT ACTIVITY] learner -> processing
[10:02:12.013] [AGENT ACTIVITY] learner -> idle
[10:02:15.680] [AGENT START] actor
[10:02:20.687] [AGENT START] actor
[10:02:21.993] [AGENT ERROR] pantheon_coordinator: 'Message' object has no attribute 'get'
[10:02:25.701] [AGENT START] actor
[10:02:40.473] [AGENT WAIT] observer
[10:02:40.798] [AGENT WAIT] validator
[10:02:41.017] [AGENT WAIT] pantheon_coordinator
[10:02:52.009] [AGENT WAIT] pantheon_coordinator
[10:03:10.477] [AGENT WAIT] observer
[10:03:10.805] [AGENT WAIT] validator
[10:03:11.024] [AGENT WAIT] pantheon_coordinator
[10:03:22.015] [AGENT WAIT] pantheon_coordinator
[10:03:40.491] [AGENT WAIT] observer
[10:03:40.816] [AGENT WAIT] validator
[10:03:41.035] [AGENT WAIT] pantheon_coordinator
[10:03:52.027] [AGENT WAIT] pantheon_coordinator
[10:04:10.508] [AGENT WAIT] observer
[10:04:10.832] [AGENT WAIT] validator
[10:04:11.048] [AGENT WAIT] pantheon_coordinator
[10:04:22.029] [AGENT WAIT] pantheon_coordinator
[10:04:40.515] [AGENT WAIT] observer
[10:04:40.840] [AGENT WAIT] validator
[10:04:41.059] [AGENT WAIT] pantheon_coordinator
[10:04:52.046] [AGENT WAIT] pantheon_coordinator
[10:05:10.518] [AGENT WAIT] observer
[10:05:10.847] [AGENT WAIT] validator
[10:05:11.063] [AGENT WAIT] pantheon_coordinator
[10:05:22.050] [AGENT WAIT] pantheon_coordinator
[10:05:40.522] [AGENT WAIT] observer
[10:05:40.849] [AGENT WAIT] validator
[10:05:41.065] [AGENT WAIT] pantheon_coordinator
[10:05:52.062] [AGENT WAIT] pantheon_coordinator
[10:06:10.529] [AGENT WAIT] observer
[10:06:10.856] [AGENT WAIT] validator
[10:06:11.076] [AGENT WAIT] pantheon_coordinator
[10:06:22.073] [AGENT WAIT] pantheon_coordinator
[10:06:40.535] [AGENT WAIT] observer
[10:06:40.863] [AGENT WAIT] validator
[10:06:41.082] [AGENT WAIT] pantheon_coordinator
[10:06:52.085] [AGENT WAIT] pantheon_coordinator
[10:07:10.546] [AGENT WAIT] observer
[10:07:10.868] [AGENT WAIT] validator
[10:07:11.099] [AGENT WAIT] pantheon_coordinator
[10:07:12.022] [AGENT STOP] observer
[10:07:12.023] [AGENT STOP] validator
[10:07:12.023] [AGENT ACTIVITY] pantheon_coordinator -> Stopping observer
[10:07:12.023] [AGENT ACTIVITY] pantheon_coordinator -> Stopping coordinator
[10:07:12.023] [AGENT ACTIVITY] pantheon_coordinator -> Stopping actor
[10:07:12.024] [AGENT ACTIVITY] pantheon_coordinator -> Stopping validator
[10:07:12.024] [AGENT ACTIVITY] pantheon_coordinator -> Stopping learner
[10:07:12.024] [AGENT ACTIVITY] pantheon_coordinator -> Stopping memory
[10:07:12.024] [AGENT ACTIVITY] pantheon_coordinator -> Stopping executor
[10:07:12.025] [AGENT ACTIVITY] pantheon_coordinator -> Stopping analyzer
[10:07:12.025] [AGENT ACTIVITY] pantheon_coordinator -> Stopping improver
[10:07:12.025] [AGENT ACTIVITY] pantheon_coordinator -> Stopping character_analyzer
[10:07:12.025] [AGENT ACTIVITY] pantheon_coordinator -> Stopping story_generator
[10:07:12.025] [AGENT ACTIVITY] pantheon_coordinator -> Stopping visionary
[10:07:12.026] [AGENT ACTIVITY] pantheon_coordinator -> Stopping love_agent
[10:07:12.026] [AGENT ACTIVITY] pantheon_coordinator -> Stopping documentation_agent
[10:07:12.026] [AGENT ACTIVITY] pantheon_coordinator -> Stopping maf_coordinator
[10:07:12.027] [AGENT STOP] pantheon_coordinator
[10:07:12.027] 
================================================================================
Session Summary: pantheon_20251114_100210
================================================================================
Task: talk to grok, go to pantheon to see what is new
Duration: 301.59s
Iterations: 0
Tool Executions: 0
API Calls: 0
Errors: 1

Swarm Metrics:
  Handoffs: 0
  Avg Latency: 0.00ms
  Messages: 0
  Heartbeats: 120
  Agents: 18
================================================================================
