Session: pantheon_20251113_225527
Task: have improver_agent learn from vault/tehutishh.md and output findings to tree_of_life.md when finished
Started: 2025-11-13T22:55:27.513759
Swarm Mode: True
--------------------------------------------------------------------------------

[22:55:27.514] [AGENT START] observer
[22:55:27.514] [AGENT START] coordinator_learner
[22:55:28.298] [AGENT START] reasoner
[22:55:28.298] [AGENT START] actor
[22:55:28.299] [AGENT START] validator
[22:55:28.309] [AGENT START] hierarchical_memory
[22:55:28.310] [AGENT START] learner
[22:55:28.310] [AGENT START] learner
[22:55:28.310] [AGENT START] executor
[22:55:28.310] [AGENT START] analyzer
[22:55:28.313] [AGENT START] improver
[22:55:28.314] [AGENT START] character_analyzer
[22:55:28.314] [AGENT START] story_generator
[22:55:28.314] [AGENT START] visionary
[22:55:28.314] [AGENT START] love_agent
[22:55:28.322] [AGENT START] pantheon_coordinator
[22:55:28.322] [AGENT ACTIVITY] observer -> idle
[22:55:28.323] [AGENT START] observer
[22:55:28.323] [AGENT START] coordinator
[22:55:28.323] [AGENT START] actor
[22:55:28.324] [AGENT ACTIVITY] validator -> idle
[22:55:28.324] [AGENT START] validator
[22:55:28.324] [AGENT ACTIVITY] learner -> idle
[22:55:28.324] [AGENT START] learner
[22:55:28.324] [AGENT ACTIVITY] executor -> idle
[22:55:28.325] [AGENT START] executor
[22:55:28.325] [AGENT ACTIVITY] analyzer -> idle
[22:55:28.325] [AGENT START] analyzer
[22:55:28.326] [AGENT ACTIVITY] improver -> idle
[22:55:28.326] [AGENT START] improver
[22:55:28.326] [AGENT ACTIVITY] visionary -> idle
[22:55:28.326] [AGENT START] visionary
[22:55:28.326] [AGENT ACTIVITY] love_agent -> idle
[22:55:28.327] [AGENT START] love_agent
[22:55:28.327] [AGENT ACTIVITY] pantheon_coordinator -> idle
[22:55:28.327] [AGENT START] pantheon_coordinator
