Session: pantheon_20251114_041639
Task: Use diplomacy module to generate and negotiate proposals for the next development steps in Grokputer
Started: 2025-11-14T04:16:39.506603
Swarm Mode: True
--------------------------------------------------------------------------------

[04:16:39.506] [AGENT START] observer
[04:16:39.507] [AGENT START] observer
[04:16:39.507] [AGENT START] coordinator_learner
[04:16:39.509] [AGENT START] coordinator
[04:16:39.509] [AGENT START] reasoner
[04:16:39.510] [AGENT START] actor
[04:16:39.510] [AGENT START] actor
[04:16:39.510] [AGENT START] validator
[04:16:39.510] [AGENT START] validator
[04:16:43.606] [AGENT START] hierarchical_memory
[04:16:43.606] [AGENT START] learner
[04:16:43.609] [AGENT START] learner
[04:16:43.610] [AGENT START] executor
[04:16:43.610] [AGENT START] analyzer
[04:16:47.706] [AGENT START] improver
[04:16:47.706] [AGENT START] character_analyzer
[04:16:47.707] [AGENT START] story_generator
[04:16:47.707] [AGENT START] visionary
[04:16:47.707] [AGENT START] love_agent
[04:16:47.707] [AGENT START] documentation_agent
[04:16:47.708] [AGENT START] maf_coordinator
[04:16:47.714] [AGENT START] pantheon_coordinator
[04:16:47.715] [AGENT START] pantheon_coordinator
[04:16:47.715] [AGENT START] observer
[04:16:47.830] [AGENT START] coordinator
[04:16:47.938] [AGENT START] actor
[04:16:48.048] [AGENT START] validator
[04:16:48.158] [AGENT START] pantheon_coordinator
[04:16:48.158] [AGENT START] pantheon_coordinator
[04:16:48.266] [AGENT START] pantheon_coordinator
[04:16:48.266] [AGENT START] pantheon_coordinator
[04:16:49.277] [AGENT ACTIVITY] pantheon_coordinator -> Pantheon handling task: Use diplomacy module to generate and negotiate proposals for the next development steps in Grokputer
[04:16:49.277] [AGENT ACTIVITY] learner -> processing
[04:16:49.277] [AGENT ACTIVITY] learner -> idle
[04:16:50.435] [AGENT ERROR] pantheon_coordinator: 'Message' object has no attribute 'get'
[04:16:52.948] [AGENT START] actor
[04:16:57.954] [AGENT START] actor
[04:17:02.967] [AGENT START] actor
[04:17:17.730] [AGENT WAIT] observer
[04:17:18.056] [AGENT WAIT] validator
[04:17:18.274] [AGENT WAIT] pantheon_coordinator
[04:17:20.438] [AGENT WAIT] pantheon_coordinator
