Session: pantheon_20251113_223255
Task: quick test
Started: 2025-11-13T22:32:55.974971
Swarm Mode: True
--------------------------------------------------------------------------------

[22:32:55.975] [AGENT START] observer
[22:32:55.975] [AGENT START] coordinator_learner
[22:32:56.781] [AGENT START] reasoner
[22:32:56.782] [AGENT START] actor
[22:32:56.782] [AGENT START] validator
[22:32:56.793] [AGENT START] hierarchical_memory
[22:32:56.793] [AGENT START] learner
[22:32:56.793] [AGENT START] learner
[22:32:56.794] [AGENT START] executor
[22:32:56.794] [AGENT START] analyzer
[22:32:56.797] [AGENT START] improver
[22:32:56.798] [AGENT START] character_analyzer
[22:32:56.798] [AGENT START] story_generator
[22:32:56.798] [AGENT START] visionary
[22:32:56.798] [AGENT START] love_agent
