Session: pantheon_20251113_152016
Task: consult with agents on next steps
Started: 2025-11-13T15:20:16.583989
Swarm Mode: True
--------------------------------------------------------------------------------

[15:20:16.585] [AGENT START] observer
[15:20:16.960] [AGENT START] coordinator_learner
[15:20:18.548] [AGENT START] reasoner
[15:20:18.549] [AGENT START] actor
[15:20:18.550] [AGENT START] validator
[15:20:18.559] [AGENT START] hierarchical_memory
[15:20:18.560] [AGENT START] learner
[15:20:18.560] [AGENT START] learner
[15:20:18.560] [AGENT START] executor
[15:20:18.561] [AGENT START] analyzer
[15:20:18.565] [AGENT START] improver
[15:20:18.565] [AGENT START] character_analyzer
[15:20:18.777] [AGENT START] story_generator
[15:20:18.778] [AGENT START] visionary
[15:20:18.778] [AGENT START] love_agent
[15:20:18.787] [AGENT START] pantheon_coordinator
[15:20:18.787] [AGENT ACTIVITY] observer -> idle
[15:20:18.788] [AGENT START] observer
[15:20:18.788] [AGENT START] coordinator
[15:20:18.788] [AGENT START] actor
[15:20:18.789] [AGENT ACTIVITY] validator -> idle
[15:20:18.789] [AGENT START] validator
[15:20:18.789] [AGENT ACTIVITY] learner -> idle
[15:20:18.789] [AGENT START] learner
[15:20:18.790] [AGENT ACTIVITY] executor -> idle
[15:20:18.790] [AGENT START] executor
[15:20:18.790] [AGENT ACTIVITY] analyzer -> idle
[15:20:18.790] [AGENT START] analyzer
[15:20:18.791] [AGENT ACTIVITY] improver -> idle
[15:20:18.791] [AGENT START] improver
[15:20:18.792] [AGENT ACTIVITY] visionary -> idle
[15:20:18.792] [AGENT START] visionary
[15:20:18.792] [AGENT ACTIVITY] love_agent -> idle
[15:20:18.792] [AGENT START] love_agent
[15:20:18.793] [AGENT ACTIVITY] pantheon_coordinator -> idle
[15:20:18.793] [AGENT START] pantheon_coordinator
[15:20:18.793] [AGENT START] pantheon_coordinator
[15:20:19.820] [AGENT ACTIVITY] pantheon_coordinator -> processing
[15:20:19.855] [AGENT ACTIVITY] pantheon_coordinator -> processing
[15:20:19.855] [AGENT ACTIVITY] pantheon_coordinator -> Pantheon handling task: consult with agents on next steps
[15:20:19.855] [AGENT ACTIVITY] learner -> processing
[15:20:19.856] [AGENT ACTIVITY] learner -> idle
[15:20:20.502] [AGENT ACTIVITY] pantheon_coordinator -> idle
[15:20:20.503] [AGENT ERROR] pantheon_coordinator: 'Message' object has no attribute 'get'
[15:20:48.794] [AGENT ACTIVITY] observer -> waiting
[15:20:48.795] [AGENT WAIT] observer
[15:20:48.795] [AGENT ACTIVITY] validator -> waiting
[15:20:48.795] [AGENT WAIT] validator
[15:20:48.796] [AGENT ACTIVITY] executor -> waiting
[15:20:48.796] [AGENT WAIT] executor
[15:20:48.796] [AGENT ACTIVITY] analyzer -> waiting
[15:20:48.796] [AGENT WAIT] analyzer
[15:20:48.796] [AGENT ACTIVITY] improver -> waiting
[15:20:48.796] [AGENT WAIT] improver
[15:20:48.797] [AGENT ACTIVITY] visionary -> waiting
[15:20:48.797] [AGENT WAIT] visionary
[15:20:48.797] [AGENT ACTIVITY] love_agent -> waiting
[15:20:48.797] [AGENT WAIT] love_agent
[15:20:50.513] [AGENT ACTIVITY] pantheon_coordinator -> waiting
[15:20:50.514] [AGENT WAIT] pantheon_coordinator
