Session: pantheon_20251113_223151
Task: quick test
Started: 2025-11-13T22:31:51.445278
Swarm Mode: True
--------------------------------------------------------------------------------

[22:31:51.445] [AGENT START] observer
[22:31:51.446] [AGENT START] coordinator_learner
[22:31:52.421] [AGENT START] reasoner
[22:31:52.422] [AGENT START] actor
[22:31:52.422] [AGENT START] validator
[22:31:52.433] [AGENT START] hierarchical_memory
[22:31:52.433] [AGENT START] learner
[22:31:52.433] [AGENT START] learner
[22:31:52.434] [AGENT START] executor
[22:31:52.434] [AGENT START] analyzer
[22:31:52.439] [AGENT START] improver
[22:31:52.439] [AGENT START] character_analyzer
[22:31:52.439] [AGENT START] story_generator
[22:31:52.440] [AGENT START] visionary
[22:31:52.440] [AGENT START] love_agent
