Session: pantheon_20251114_040531
Task: optimise codebase evolve forever infinetly <3 
Started: 2025-11-14T04:05:31.011163
Swarm Mode: True
--------------------------------------------------------------------------------

[04:05:31.011] [AGENT START] observer
[04:05:31.011] [AGENT START] observer
[04:05:31.012] [AGENT START] coordinator_learner
[04:05:31.013] [AGENT START] coordinator
[04:05:31.014] [AGENT START] reasoner
[04:05:31.015] [AGENT START] actor
[04:05:31.015] [AGENT START] actor
[04:05:31.015] [AGENT START] validator
[04:05:31.015] [AGENT START] validator
[04:05:35.106] [AGENT START] hierarchical_memory
[04:05:35.106] [AGENT START] learner
[04:05:35.107] [AGENT START] learner
[04:05:35.107] [AGENT START] executor
[04:05:35.111] [AGENT START] analyzer
[04:05:39.180] [AGENT START] improver
[04:05:39.181] [AGENT START] character_analyzer
[04:05:39.181] [AGENT START] story_generator
[04:05:39.181] [AGENT START] visionary
[04:05:39.181] [AGENT START] love_agent
[04:05:39.182] [AGENT START] documentation_agent
[04:05:39.182] [AGENT START] maf_coordinator
[04:05:39.189] [AGENT START] pantheon_coordinator
[04:05:39.189] [AGENT START] pantheon_coordinator
[04:05:39.190] [AGENT START] observer
[04:05:39.306] [AGENT START] coordinator
[04:05:39.413] [AGENT START] actor
[04:05:39.521] [AGENT START] validator
[04:05:39.628] [AGENT START] pantheon_coordinator
[04:05:39.628] [AGENT START] pantheon_coordinator
[04:05:39.737] [AGENT START] pantheon_coordinator
[04:05:39.737] [AGENT START] pantheon_coordinator
[04:05:40.746] [AGENT ACTIVITY] pantheon_coordinator -> Pantheon handling task: optimise codebase evolve forever infinetly <3 
[04:05:40.746] [AGENT ACTIVITY] learner -> processing
[04:05:40.746] [AGENT ACTIVITY] learner -> idle
[04:05:41.885] [AGENT ERROR] pantheon_coordinator: 'Message' object has no attribute 'get'
[04:06:09.191] [AGENT WAIT] observer
[04:06:09.534] [AGENT WAIT] validator
[04:06:09.750] [AGENT WAIT] pantheon_coordinator
[04:06:11.893] [AGENT WAIT] pantheon_coordinator
