Session: pantheon_20251114_031824
Task: improve code in src/grok_client.py
Started: 2025-11-14T03:18:24.102312
Swarm Mode: True
--------------------------------------------------------------------------------

[03:18:24.102] [AGENT START] observer
[03:18:24.103] [AGENT START] observer
[03:18:24.103] [AGENT START] coordinator_learner
[03:18:24.105] [AGENT START] coordinator
[03:18:24.105] [AGENT START] reasoner
[03:18:24.106] [AGENT START] actor
[03:18:24.107] [AGENT START] actor
[03:18:24.107] [AGENT START] validator
[03:18:24.107] [AGENT START] validator
[03:18:24.227] [AGENT START] hierarchical_memory
[03:18:24.228] [AGENT START] learner
[03:18:24.228] [AGENT START] learner
[03:18:24.228] [AGENT START] executor
[03:18:24.229] [AGENT START] analyzer
[03:18:24.232] [AGENT START] improver
[03:18:24.232] [AGENT START] character_analyzer
[03:18:24.233] [AGENT START] story_generator
[03:18:24.233] [AGENT START] visionary
[03:18:24.233] [AGENT START] love_agent
[03:18:24.233] [AGENT START] documentation_agent
[03:18:24.234] [AGENT START] maf_coordinator
[03:18:24.257] [AGENT START] pantheon_coordinator
[03:18:24.257] [AGENT START] pantheon_coordinator
[03:18:24.257] [AGENT START] observer
[03:18:24.359] [AGENT START] coordinator
[03:18:24.468] [AGENT START] actor
[03:18:24.577] [AGENT START] validator
[03:18:24.684] [AGENT START] pantheon_coordinator
[03:18:24.685] [AGENT START] pantheon_coordinator
[03:18:24.793] [AGENT START] pantheon_coordinator
[03:18:24.793] [AGENT START] pantheon_coordinator
[03:18:25.804] [AGENT ACTIVITY] pantheon_coordinator -> Pantheon handling task: improve code in src/grok_client.py
[03:18:25.804] [AGENT ACTIVITY] learner -> processing
[03:18:25.804] [AGENT ACTIVITY] learner -> idle
[03:18:27.033] [AGENT ERROR] pantheon_coordinator: 'Message' object has no attribute 'get'
