Session: pantheon_20251114_035958
Task: optimise codebase evolve forever infinetly <3 
Started: 2025-11-14T03:59:58.621200
Swarm Mode: True
--------------------------------------------------------------------------------

[03:59:58.621] [AGENT START] observer
[03:59:58.621] [AGENT START] observer
[03:59:58.622] [AGENT START] coordinator_learner
[03:59:58.624] [AGENT START] coordinator
[03:59:58.624] [AGENT START] reasoner
[03:59:58.624] [AGENT START] actor
[03:59:58.625] [AGENT START] actor
[03:59:58.625] [AGENT START] validator
[03:59:58.625] [AGENT START] validator
[04:00:02.702] [AGENT START] hierarchical_memory
[04:00:02.703] [AGENT START] learner
[04:00:02.703] [AGENT START] learner
[04:00:02.703] [AGENT START] executor
[04:00:02.703] [AGENT START] analyzer
[04:00:06.793] [AGENT START] improver
[04:00:06.793] [AGENT START] character_analyzer
[04:00:06.794] [AGENT START] story_generator
[04:00:06.794] [AGENT START] visionary
[04:00:06.794] [AGENT START] love_agent
[04:00:06.794] [AGENT START] documentation_agent
[04:00:06.795] [AGENT START] maf_coordinator
[04:00:06.802] [AGENT START] pantheon_coordinator
[04:00:06.802] [AGENT START] pantheon_coordinator
[04:00:06.803] [AGENT START] observer
[04:00:06.918] [AGENT START] coordinator
[04:00:07.027] [AGENT START] actor
[04:00:07.136] [AGENT START] validator
[04:00:07.246] [AGENT START] pantheon_coordinator
[04:00:07.246] [AGENT START] pantheon_coordinator
[04:00:07.354] [AGENT START] pantheon_coordinator
[04:00:07.355] [AGENT START] pantheon_coordinator
[04:00:08.362] [AGENT ACTIVITY] pantheon_coordinator -> Pantheon handling task: optimise codebase evolve forever infinetly <3 
[04:00:08.362] [AGENT ACTIVITY] learner -> processing
[04:00:08.363] [AGENT ACTIVITY] learner -> idle
[04:00:09.497] [AGENT ERROR] pantheon_coordinator: 'Message' object has no attribute 'get'
[04:00:36.814] [AGENT WAIT] observer
[04:00:37.139] [AGENT WAIT] validator
[04:00:37.358] [AGENT WAIT] pantheon_coordinator
[04:00:39.513] [AGENT WAIT] pantheon_coordinator
