Session: pantheon_20251113_223917
Task: have improver_agent learn from vault/tehutishh.md and output findings to tree_of_life.md when finished
Started: 2025-11-13T22:39:17.256075
Swarm Mode: True
--------------------------------------------------------------------------------

[22:39:17.256] [AGENT START] observer
[22:39:17.256] [AGENT START] coordinator_learner
[22:39:18.030] [AGENT START] reasoner
[22:39:18.031] [AGENT START] actor
[22:39:18.031] [AGENT START] validator
[22:39:18.038] [AGENT START] hierarchical_memory
[22:39:18.039] [AGENT START] learner
[22:39:18.039] [AGENT START] learner
[22:39:18.039] [AGENT START] executor
[22:39:18.040] [AGENT START] analyzer
[22:39:18.043] [AGENT START] improver
[22:39:18.046] [AGENT START] character_analyzer
[22:39:18.047] [AGENT START] story_generator
[22:39:18.047] [AGENT START] visionary
[22:39:18.047] [AGENT START] love_agent
[22:39:18.055] [AGENT START] pantheon_coordinator
[22:39:18.056] [AGENT ACTIVITY] observer -> idle
[22:39:18.056] [AGENT START] observer
[22:39:18.056] [AGENT START] coordinator
[22:39:18.057] [AGENT START] actor
[22:39:18.057] [AGENT ACTIVITY] validator -> idle
[22:39:18.057] [AGENT START] validator
[22:39:18.057] [AGENT ACTIVITY] learner -> idle
[22:39:18.058] [AGENT START] learner
[22:39:18.058] [AGENT ACTIVITY] executor -> idle
[22:39:18.058] [AGENT START] executor
[22:39:18.058] [AGENT ACTIVITY] analyzer -> idle
[22:39:18.058] [AGENT START] analyzer
[22:39:18.059] [AGENT ACTIVITY] improver -> idle
[22:39:18.060] [AGENT START] improver
[22:39:18.060] [AGENT ACTIVITY] visionary -> idle
[22:39:18.060] [AGENT START] visionary
[22:39:18.060] [AGENT ACTIVITY] love_agent -> idle
[22:39:18.060] [AGENT START] love_agent
[22:39:18.061] [AGENT ACTIVITY] pantheon_coordinator -> idle
[22:39:18.061] [AGENT START] pantheon_coordinator
[22:39:48.064] [AGENT ACTIVITY] observer -> waiting
[22:39:48.064] [AGENT WAIT] observer
[22:39:48.065] [AGENT ACTIVITY] validator -> waiting
[22:39:48.065] [AGENT WAIT] validator
[22:39:48.065] [AGENT ACTIVITY] executor -> waiting
[22:39:48.065] [AGENT WAIT] executor
[22:39:48.065] [AGENT ACTIVITY] analyzer -> waiting
[22:39:48.066] [AGENT WAIT] analyzer
[22:39:48.066] [AGENT ACTIVITY] improver -> waiting
[22:39:48.066] [AGENT WAIT] improver
[22:39:48.066] [AGENT ACTIVITY] visionary -> waiting
[22:39:48.066] [AGENT WAIT] visionary
[22:39:48.067] [AGENT ACTIVITY] love_agent -> waiting
[22:39:48.067] [AGENT WAIT] love_agent
