Session: pantheon_20251114_030952
Task: improve code in src/grok_client.py
Started: 2025-11-14T03:09:52.553292
Swarm Mode: True
--------------------------------------------------------------------------------

[03:09:52.553] [AGENT START] observer
[03:09:52.553] [AGENT START] observer
[03:09:52.554] [AGENT START] coordinator_learner
[03:09:52.555] [AGENT START] coordinator
[03:09:52.556] [AGENT START] reasoner
[03:09:52.556] [AGENT START] actor
[03:09:52.557] [AGENT START] actor
[03:09:52.557] [AGENT START] validator
[03:09:52.557] [AGENT START] validator
[03:09:52.707] [AGENT START] hierarchical_memory
[03:09:52.707] [AGENT START] learner
[03:09:52.708] [AGENT START] learner
[03:09:52.708] [AGENT START] executor
[03:09:52.709] [AGENT START] analyzer
[03:09:52.717] [AGENT START] improver
[03:09:52.718] [AGENT START] character_analyzer
[03:09:52.718] [AGENT START] story_generator
[03:09:52.719] [AGENT START] visionary
[03:09:52.719] [AGENT START] love_agent
[03:09:52.720] [AGENT START] documentation_agent
