Session: pantheon_20251113_223207
Task: quick test
Started: 2025-11-13T22:32:07.923280
Swarm Mode: True
--------------------------------------------------------------------------------

[22:32:07.923] [AGENT START] observer
[22:32:07.924] [AGENT START] coordinator_learner
[22:32:08.702] [AGENT START] reasoner
[22:32:08.703] [AGENT START] actor
[22:32:08.703] [AGENT START] validator
[22:32:08.711] [AGENT START] hierarchical_memory
[22:32:08.711] [AGENT START] learner
[22:32:08.712] [AGENT START] learner
[22:32:08.712] [AGENT START] executor
[22:32:08.712] [AGENT START] analyzer
[22:32:08.717] [AGENT START] improver
[22:32:08.717] [AGENT START] character_analyzer
[22:32:08.718] [AGENT START] story_generator
[22:32:08.718] [AGENT START] visionary
[22:32:08.718] [AGENT START] love_agent
